// Jest Snapshot v1, https://goo.gl/fbAQLP

exports[`Pruebas en <SearchPage /> debe de mostrarse correctamente con valores por defecto 1`] = `
<div>
  <h1>
    Search
  </h1>
  <hr />
  <div
    class="row"
  >
    <div
      class="col-xl-5 col-sm-12"
    >
      <h4
        style="color: rgb(255, 255, 255);"
      >
        Searching
      </h4>
      <hr />
      <form
        aria-label="form"
      >
        <input
          autocomplete="off"
          class="form-control"
          name="searchText"
          placeholder="Find your hero"
          type="text"
          value=""
        />
        <button
          class="btn mt-3 btn-block btn-outline-primary"
          type="submit"
        >
          Search...
        </button>
      </form>
    </div>
    <div
      class="col-xl-7 col-sm-12"
    >
      <h4
        class="mt-2"
        style="color: rgb(255, 255, 255);"
      >
        Results
      </h4>
      <hr />
      <div
        class="alert alert-info"
      >
        Search a hero
      </div>
    </div>
  </div>
</div>
`;
